15:43:33 **** Auto Build of configuration Debug for project standalone_bsp_0_xmcdma_polled_example_1 ****
make pre-build main-build 
a9-linaro-pre-build-step
' '
'Building file: ../src/xmcdma_polled_example.c'
'Invoking: ARM v7 gcc compiler'
arm-none-eabi-gcc -Wall -O0 -g3 -c -fmessage-length=0 -MT"src/xmcdma_polled_example.o" -mcpu=cortex-a9 -mfpu=vfpv3 -mfloat-abi=hard -I../../standalone_bsp_0/ps7_cortexa9_0/include -MMD -MP -MF"src/xmcdma_polled_example.d" -MT"src/xmcdma_polled_example.o" -o "src/xmcdma_polled_example.o" "../src/xmcdma_polled_example.c"
../src/xmcdma_polled_example.c:120:2: warning: #warning CHECK FOR THE VALID DDR ADDRESS IN XPARAMETERS.H, DEFAULT SET TO 0x01000000 [-Wcpp]
 #warning CHECK FOR THE VALID DDR ADDRESS IN XPARAMETERS.H, \
  ^~~~~~~
../src/xmcdma_polled_example.c: In function 'main':
../src/xmcdma_polled_example.c:197:14: warning: unused variable 'i' [-Wunused-variable]
  int Status, i;
              ^
../src/xmcdma_polled_example.c: In function 'CheckDmaResult':
../src/xmcdma_polled_example.c:512:14: warning: cast to pointer from integer of different size [-Wint-to-pointer-cast]
   RxPacket = (void *)XMcdma_BdRead64(BdPtr1, XMCDMA_BD_BUFA_OFFSET);
              ^
../src/xmcdma_polled_example.c:524:26: warning: cast to pointer from integer of different size [-Wint-to-pointer-cast]
                 BdPtr1 = (XMcdma_Bd *) XMcdma_BdRead64(BdPtr1, XMCDMA_BD_NDESC_OFFSET);
                          ^
../src/xmcdma_polled_example.c: In function 'SendPacket':
../src/xmcdma_polled_example.c:564:16: warning: cast to pointer from integer of different size [-Wint-to-pointer-cast]
     TxPacket = (u8 *)XMcdma_BdRead64(BdCurPtr, XMCDMA_BD_BUFA_OFFSET);
                ^
'Finished building: ../src/xmcdma_polled_example.c'
' '
'Building target: standalone_bsp_0_xmcdma_polled_example_1.elf'
'Invoking: ARM v7 gcc linker'
arm-none-eabi-gcc -mcpu=cortex-a9 -mfpu=vfpv3 -mfloat-abi=hard -Wl,-build-id=none -specs=Xilinx.spec -Wl,-T -Wl,../src/lscript.ld -L../../standalone_bsp_0/ps7_cortexa9_0/lib -o "standalone_bsp_0_xmcdma_polled_example_1.elf"  ./src/xmcdma_polled_example.o   -Wl,--start-group,-lxil,-lgcc,-lc,--end-group -Wl,--start-group,-lxil,-llwip4,-lgcc,-lc,--end-group -Wl,--start-group,-lxilffs,-lxil,-lgcc,-lc,--end-group
'Finished building target: standalone_bsp_0_xmcdma_polled_example_1.elf'
' '
'Invoking: ARM v7 Print Size'
arm-none-eabi-size standalone_bsp_0_xmcdma_polled_example_1.elf  |tee "standalone_bsp_0_xmcdma_polled_example_1.elf.size"
   text	   data	    bss	    dec	    hex	filename
  42076	   1648	  31464	  75188	  125b4	standalone_bsp_0_xmcdma_polled_example_1.elf
'Finished building: standalone_bsp_0_xmcdma_polled_example_1.elf.size'
' '

15:43:33 Build Finished (took 389ms)

